// Jest Snapshot v1, https://goo.gl/fbAQLP

exports[`Footer renders correctly 1`] = `
<footer
  className="footer"
>
  <div
    className="inner"
  >
    <p>
      Â© 
      2021
       Mike England | View on
       
      <a
        href="https://github.com/michealengland/micheal-dev"
      >
        Github
      </a>
    </p>
  </div>
</footer>
`;
