// Jest Snapshot v1, https://goo.gl/fbAQLP

exports[`Link renders correctly 1`] = `
<a
  displayType={false}
  href="/"
>
  Home Link
</a>
`;
