// Jest Snapshot v1, https://goo.gl/fbAQLP

exports[`TextLink renders correctly 1`] = `
Array [
  <a
    href="/"
  >
    Home Link
  </a>,
  <a
    href="https://micheal.dev"
  >
    Home Link
  </a>,
]
`;
